// Jest Snapshot v1, https://goo.gl/fbAQLP

exports[`<App /> 1`] = `
<div
  class="scoreboard"
>
  <header>
    <table
      class="stats"
    >
      <tbody>
        <tr>
          <td>
            Players:
          </td>
          <td>
            4
          </td>
        </tr>
        <tr>
          <td>
            Total Points:
          </td>
          <td>
            0
          </td>
        </tr>
      </tbody>
    </table>
    <h1
      aria-label="the title of the app is"
    >
      Scoreboard
    </h1>
    <div
      class="stopwatch"
    >
      <h2>
        Stopwatch
      </h2>
      <span
        class="stopwatch-time"
      >
        0
      </span>
      <button>
        Start
      </button>
      <button>
        Reset
      </button>
    </div>
  </header>
  <div
    class="player"
  >
    <span
      class="player-name"
    >
      <button
        class="remove-player"
      >
        ✖
      </button>
      <svg
        viewBox="0 0 44 35"
      >
        <path
          d="M26.7616 10.6207L21.8192 0L16.9973 10.5603C15.3699 14.1207 10.9096 15.2672 7.77534 12.9741L0 7.24138L6.56986 28.8448H37.0685L43.5781 7.72414L35.7425 13.0948C32.6685 15.2672 28.3288 14.0603 26.7616 10.6207Z"
          transform="translate(0 0.301727)"
        />
        <rect
          width="30.4986"
          height="3.07759"
          transform="translate(6.56987 31.5603)"
        />
      </svg>
      Aaron
    </span>
    <div
      class="counter"
    >
      <button
        class="counter-action decrement"
      >
        -
      </button>
      <span
        class="counter-score"
      >
        0
      </span>
      <button
        class="counter-action increment"
      >
        +
      </button>
    </div>
  </div>
  <div
    class="player"
  >
    <span
      class="player-name"
    >
      <button
        class="remove-player"
      >
        ✖
      </button>
      <svg
        viewBox="0 0 44 35"
      >
        <path
          d="M26.7616 10.6207L21.8192 0L16.9973 10.5603C15.3699 14.1207 10.9096 15.2672 7.77534 12.9741L0 7.24138L6.56986 28.8448H37.0685L43.5781 7.72414L35.7425 13.0948C32.6685 15.2672 28.3288 14.0603 26.7616 10.6207Z"
          transform="translate(0 0.301727)"
        />
        <rect
          width="30.4986"
          height="3.07759"
          transform="translate(6.56987 31.5603)"
        />
      </svg>
      Amanda
    </span>
    <div
      class="counter"
    >
      <button
        class="counter-action decrement"
      >
        -
      </button>
      <span
        class="counter-score"
      >
        0
      </span>
      <button
        class="counter-action increment"
      >
        +
      </button>
    </div>
  </div>
  <div
    class="player"
  >
    <span
      class="player-name"
    >
      <button
        class="remove-player"
      >
        ✖
      </button>
      <svg
        viewBox="0 0 44 35"
      >
        <path
          d="M26.7616 10.6207L21.8192 0L16.9973 10.5603C15.3699 14.1207 10.9096 15.2672 7.77534 12.9741L0 7.24138L6.56986 28.8448H37.0685L43.5781 7.72414L35.7425 13.0948C32.6685 15.2672 28.3288 14.0603 26.7616 10.6207Z"
          transform="translate(0 0.301727)"
        />
        <rect
          width="30.4986"
          height="3.07759"
          transform="translate(6.56987 31.5603)"
        />
      </svg>
      Esther
    </span>
    <div
      class="counter"
    >
      <button
        class="counter-action decrement"
      >
        -
      </button>
      <span
        class="counter-score"
      >
        0
      </span>
      <button
        class="counter-action increment"
      >
        +
      </button>
    </div>
  </div>
  <div
    class="player"
  >
    <span
      class="player-name"
    >
      <button
        class="remove-player"
      >
        ✖
      </button>
      <svg
        viewBox="0 0 44 35"
      >
        <path
          d="M26.7616 10.6207L21.8192 0L16.9973 10.5603C15.3699 14.1207 10.9096 15.2672 7.77534 12.9741L0 7.24138L6.56986 28.8448H37.0685L43.5781 7.72414L35.7425 13.0948C32.6685 15.2672 28.3288 14.0603 26.7616 10.6207Z"
          transform="translate(0 0.301727)"
        />
        <rect
          width="30.4986"
          height="3.07759"
          transform="translate(6.56987 31.5603)"
        />
      </svg>
      Eden
    </span>
    <div
      class="counter"
    >
      <button
        class="counter-action decrement"
      >
        -
      </button>
      <span
        class="counter-score"
      >
        0
      </span>
      <button
        class="counter-action increment"
      >
        +
      </button>
    </div>
  </div>
  <form>
    <input
      type="text"
      placeholder="Enter a Player's Name"
    />
    <input
      type="submit"
      value="Add Player"
    />
  </form>
</div>
`;
